// Jest Snapshot v1, https://goo.gl/fbAQLP

exports[`divideChangelog() should match the snapshot 1`] = `
Array [
  Object {
    "md": "## 12.0.0

### Major Changes

In this version, we made this component dramatically faster and more lightweight

## Changes

Some text under a H2 heading

## Performance

Some other text under a H2 heading
",
    "version": "12.0.0",
  },
  Object {
    "md": "## 11.0.8

### Patch Changes

- Some description;
",
    "version": "11.0.8",
  },
]
`;
