// Jest Snapshot v1, https://goo.gl/fbAQLP

exports[`transformers componentTransformer should extrapolate and return a description, parent, path, pkgname and title from each node 1`] = `
Array [
  Object {
    "description": "An avatar item is a wrapper",
    "parent": Object {
      "name": "avatar-item",
    },
    "path": "/components/avatar/avatar-item",
    "pkgName": "avatar",
    "title": "Avatar item",
  },
  Object {
    "description": "description of avatar-group",
    "parent": Object {
      "name": "design",
    },
    "path": "/components/avatar/avatar-group",
    "pkgName": "avatar",
    "title": "Avatar group",
  },
  Object {
    "description": "description of avatar",
    "parent": Object {
      "name": "design",
    },
    "path": "/components/avatar",
    "pkgName": "avatar",
    "title": "Avatar",
  },
]
`;

exports[`transformers filterRestrictedContent() should filter out any nodes with a private field set to true 1`] = `
Array [
  Object {
    "description": "this content is not private",
    "id": 1,
    "private": false,
  },
]
`;
